[mountainclimbersstar.com/demo/html/agkn/index_yt_video.html]
[backblue.gif]
[fade.gif]
[index.html]
[mountainclimbersstar.com/demo/html/agkn/assets/images/favicon.ico]
[mountainclimbersstar.com/demo/html/agkn/assets/css/animate.min.css]
[mountainclimbersstar.com/demo/html/agkn/assets/css/bootstrap.min.css]
[mountainclimbersstar.com/demo/html/agkn/assets/css/owl.carousel.min.css]
[mountainclimbersstar.com/demo/html/agkn/assets/css/all.min.css]
[mountainclimbersstar.com/demo/html/agkn/assets/css/owl.theme.default.min.css]
[mountainclimbersstar.com/demo/html/agkn/assets/css/jquery.mb.YTPlayer.min.css]
[mountainclimbersstar.com/demo/html/agkn/assets/css/style.css]
[mountainclimbersstar.com/demo/html/agkn/assets/css/responsive.css]
[mountainclimbersstar.com/demo/html/agkn/assets/css/custom.css]
[mountainclimbersstar.com/demo/html/agkn/assets/css/color-switcher.css]
[mountainclimbersstar.com/demo/html/agkn/assets/css/skins/fluorescentRed.css]
[mountainclimbersstar.com/demo/html/agkn/index.html]
[mountainclimbersstar.com/demo/html/agkn/assets/images/logo/logo-light.png]
[mountainclimbersstar.com/demo/html/agkn/assets/images/about2.png]
[mountainclimbersstar.com/demo/html/agkn/assets/images/portfolio/01.png]
[mountainclimbersstar.com/demo/html/agkn/assets/images/portfolio/02.png]
[mountainclimbersstar.com/demo/html/agkn/assets/images/portfolio/03.png]
[mountainclimbersstar.com/demo/html/agkn/assets/images/portfolio/04.png]
[mountainclimbersstar.com/demo/html/agkn/assets/images/portfolio/05.png]
[mountainclimbersstar.com/demo/html/agkn/assets/images/portfolio/06.png]
[mountainclimbersstar.com/demo/html/agkn/assets/images/clients/01.png]
[mountainclimbersstar.com/demo/html/agkn/assets/images/clients/02.png]
[mountainclimbersstar.com/demo/html/agkn/assets/images/clients/03.png]
[mountainclimbersstar.com/demo/html/agkn/assets/images/clients/04.png]
[mountainclimbersstar.com/demo/html/agkn/assets/images/news/01.png]
[mountainclimbersstar.com/demo/html/agkn/assets/images/news/02.png]
[mountainclimbersstar.com/demo/html/agkn/assets/images/news/03.png]
[mountainclimbersstar.com/demo/html/agkn/assets/images/news/04.png]
[mountainclimbersstar.com/demo/html/agkn/assets/images/news/05.png]
[mountainclimbersstar.com/demo/html/agkn/assets/css/skins/orange.css]
[mountainclimbersstar.com/demo/html/agkn/assets/css/skins/green.css]
[mountainclimbersstar.com/demo/html/agkn/assets/css/skins/mayaBlue.css]
[mountainclimbersstar.com/demo/html/agkn/assets/css/skins/lavenderRose.css]
[mountainclimbersstar.com/demo/html/agkn/assets/css/skins/androidGreen.css]
[mountainclimbersstar.com/demo/html/agkn/assets/css/skins/sunflower.css]
[mountainclimbersstar.com/demo/html/agkn/assets/css/skins/softBlue.css]
[mountainclimbersstar.com/demo/html/agkn/assets/css/skins/lightGray.css]
[mountainclimbersstar.com/demo/html/agkn/assets/css/skins/steelPink.css]
[mountainclimbersstar.com/demo/html/agkn/assets/js/jquery.min.js]
[mountainclimbersstar.com/demo/html/agkn/assets/js/bootstrap.bundle.min.js]
[mountainclimbersstar.com/demo/html/agkn/assets/js/owl.carousel.min.js]
[mountainclimbersstar.com/demo/html/agkn/assets/js/typed.min.js]
[mountainclimbersstar.com/demo/html/agkn/assets/js/jquery.mb.YTPlayer.min.js]
[mountainclimbersstar.com/demo/html/agkn/assets/js/wow.min.js]
[mountainclimbersstar.com/demo/html/agkn/assets/js/ajax-form.js]
[mountainclimbersstar.com/demo/html/agkn/assets/js/switcher.min.js]
[mountainclimbersstar.com/demo/html/agkn/index_yt_video.html]
[mountainclimbersstar.com/demo/html/agkn/assets/css/animate.min.css]
[mountainclimbersstar.com/demo/html/agkn/assets/css/bootstrap.min.css]
[mountainclimbersstar.com/demo/html/agkn/assets/js/script.js]
[mountainclimbersstar.com/demo/html/agkn/assets/webfonts/fa-brands-400.woff2]
[mountainclimbersstar.com/demo/html/agkn/assets/webfonts/fa-brands-400.woff]
[mountainclimbersstar.com/demo/html/agkn/assets/webfonts/fa-duotone-900.woff2]
[mountainclimbersstar.com/demo/html/agkn/assets/webfonts/fa-duotone-900.woff]
[mountainclimbersstar.com/demo/html/agkn/assets/webfonts/fa-brands-400.ttf]
[mountainclimbersstar.com/demo/html/agkn/assets/webfonts/fa-light-300.woff2]
[mountainclimbersstar.com/demo/html/agkn/assets/webfonts/fa-light-300.woff]
[mountainclimbersstar.com/demo/html/agkn/assets/webfonts/fa-duotone-900.ttf]
[mountainclimbersstar.com/demo/html/agkn/assets/webfonts/fa-light-300.ttf]
[mountainclimbersstar.com/demo/html/agkn/assets/webfonts/fa-regular-400.woff2]
[mountainclimbersstar.com/demo/html/agkn/assets/webfonts/fa-regular-400.woff]
[mountainclimbersstar.com/demo/html/agkn/assets/webfonts/fa-solid-900.woff2]
[mountainclimbersstar.com/demo/html/agkn/assets/webfonts/fa-solid-900.woff]
[mountainclimbersstar.com/demo/html/agkn/assets/webfonts/fa-regular-400.ttf]
[mountainclimbersstar.com/demo/html/agkn/assets/webfonts/fa-solid-900.ttf]
[mountainclimbersstar.com/demo/html/agkn/assets/webfonts/fa-thin-100.woff2]
[mountainclimbersstar.com/demo/html/agkn/assets/webfonts/fa-thin-100.woff]
[mountainclimbersstar.com/demo/html/agkn/assets/css/all.min.css]
[mountainclimbersstar.com/demo/html/agkn/assets/css/owl.carousel.min.css]
[mountainclimbersstar.com/demo/html/agkn/assets/css/owl.theme.default.min.css]
[mountainclimbersstar.com/demo/html/agkn/assets/css/jquery.mb.YTPlayer.min.css]
[mountainclimbersstar.com/demo/html/agkn/assets/css/style.css]
[mountainclimbersstar.com/demo/html/agkn/assets/css/responsive.css]
[mountainclimbersstar.com/demo/html/agkn/assets/css/custom.css]
[mountainclimbersstar.com/demo/html/agkn/assets/css/color-switcher.css]
[mountainclimbersstar.com/demo/html/agkn/assets/css/skins/fluorescentRed.css]
[mountainclimbersstar.com/demo/html/agkn/demo-site-assets-2/images/favicon.ico]
[mountainclimbersstar.com/demo/html/agkn/demo-site-assets-2/css/animate.min.css]
[mountainclimbersstar.com/demo/html/agkn/demo-site-assets-2/css/bootstrap.min.css]
[mountainclimbersstar.com/demo/html/agkn/assets/webfonts/fa-thin-100.ttf]
[mountainclimbersstar.com/demo/html/agkn/demo-site-assets-2/css/style.css]
[mountainclimbersstar.com/demo/html/agkn/demo-site-assets-2/css/responsive.css]
[mountainclimbersstar.com/demo/html/agkn/demo-site-assets-2/css/all.min.css]
[mountainclimbersstar.com/demo/html/agkn/demo-site-assets-2/css/color-switcher.css]
[mountainclimbersstar.com/demo/html/agkn/demo-site-assets-2/css/skins/mayaBlue.css]
[mountainclimbersstar.com/demo/html/agkn/demo-site-assets-2/images/logo/logo.png]
[mountainclimbersstar.com/demo/html/agkn/demo-site-assets-2/images/logo/TM-logo.png]
[mountainclimbersstar.com/demo/html/agkn/demo-site-assets-2/images/star.png]
[mountainclimbersstar.com/demo/html/agkn/index_home_main.html]
[mountainclimbersstar.com/demo/html/agkn/demo-site-assets-2/images/demo-img/home-main.png]
[mountainclimbersstar.com/demo/html/agkn/index_powerful_sidenav.html]
[mountainclimbersstar.com/demo/html/agkn/demo-site-assets-2/images/demo-img/Powerful-side-header.png]
[mountainclimbersstar.com/demo/html/agkn/index_sidenav.html]
[mountainclimbersstar.com/demo/html/agkn/demo-site-assets-2/images/demo-img/side-header.png]
[mountainclimbersstar.com/demo/html/agkn/index_bg_image.html]
[mountainclimbersstar.com/demo/html/agkn/demo-site-assets-2/images/demo-img/image-bg.png]
[mountainclimbersstar.com/demo/html/agkn/demo-site-assets-2/images/demo-img/video-bg.png]
[mountainclimbersstar.com/demo/html/agkn/demo-site-assets-2/images/demo-img/coming-soon.png]
[mountainclimbersstar.com/demo/html/agkn/index_rtl_default.html]
[mountainclimbersstar.com/demo/html/agkn/demo-site-assets-2/images/demo-img/rtl-default.png]
[mountainclimbersstar.com/demo/html/agkn/demo-site-assets-2/css/skins/orange.css]
[mountainclimbersstar.com/demo/html/agkn/demo-site-assets-2/css/skins/green.css]
[mountainclimbersstar.com/demo/html/agkn/demo-site-assets-2/css/skins/softBlue.css]
[mountainclimbersstar.com/demo/html/agkn/demo-site-assets-2/css/skins/lavenderRose.css]
[mountainclimbersstar.com/demo/html/agkn/demo-site-assets-2/css/skins/androidGreen.css]
[mountainclimbersstar.com/demo/html/agkn/demo-site-assets-2/css/skins/sunflower.css]
[mountainclimbersstar.com/demo/html/agkn/demo-site-assets-2/css/skins/fluorescentRed.css]
[mountainclimbersstar.com/demo/html/agkn/demo-site-assets-2/css/skins/lightGray.css]
[mountainclimbersstar.com/demo/html/agkn/demo-site-assets-2/css/skins/steelPink.css]
[mountainclimbersstar.com/demo/html/agkn/demo-site-assets-2/js/jquery.min.js]
[mountainclimbersstar.com/demo/html/agkn/demo-site-assets-2/js/bootstrap.bundle.min.js]
[mountainclimbersstar.com/demo/html/agkn/demo-site-assets-2/js/wow.min.js]
[mountainclimbersstar.com/demo/html/agkn/demo-site-assets-2/js/switcher.min.js]
[mountainclimbersstar.com/demo/html/agkn/demo-site-assets-2/js/script.js]
[mountainclimbersstar.com/demo/html/agkn/index.html]
[mountainclimbersstar.com/demo/html/agkn/assets/css/skins/orange.css]
[mountainclimbersstar.com/demo/html/agkn/assets/css/skins/green.css]
[mountainclimbersstar.com/demo/html/agkn/assets/css/skins/mayaBlue.css]
[mountainclimbersstar.com/demo/html/agkn/assets/css/skins/lavenderRose.css]
[mountainclimbersstar.com/demo/html/agkn/assets/css/skins/androidGreen.css]
[mountainclimbersstar.com/demo/html/agkn/assets/css/skins/sunflower.css]
[mountainclimbersstar.com/demo/html/agkn/assets/css/skins/softBlue.css]
[mountainclimbersstar.com/demo/html/agkn/assets/css/skins/lightGray.css]
[mountainclimbersstar.com/demo/html/agkn/assets/css/skins/steelPink.css]
[mountainclimbersstar.com/demo/html/agkn/assets/css/owl.video.play.html]
[mountainclimbersstar.com/demo/html/agkn/assets/css/font/ytp-regular.html]
[mountainclimbersstar.com/demo/html/agkn/demo-site-assets-2/css/animate.min.css]
[mountainclimbersstar.com/demo/html/agkn/demo-site-assets-2/css/bootstrap.min.css]
[mountainclimbersstar.com/demo/html/agkn/demo-site-assets-2/webfonts/fa-brands-400.woff2]
[mountainclimbersstar.com/demo/html/agkn/demo-site-assets-2/webfonts/fa-brands-400.woff]
[mountainclimbersstar.com/demo/html/agkn/demo-site-assets-2/webfonts/fa-duotone-900.woff2]
[mountainclimbersstar.com/demo/html/agkn/demo-site-assets-2/webfonts/fa-duotone-900.woff]
[mountainclimbersstar.com/demo/html/agkn/demo-site-assets-2/webfonts/fa-brands-400.ttf]
[mountainclimbersstar.com/demo/html/agkn/demo-site-assets-2/webfonts/fa-light-300.woff2]
[mountainclimbersstar.com/demo/html/agkn/demo-site-assets-2/webfonts/fa-light-300.woff]
[mountainclimbersstar.com/demo/html/agkn/demo-site-assets-2/webfonts/fa-duotone-900.ttf]
[mountainclimbersstar.com/demo/html/agkn/demo-site-assets-2/webfonts/fa-light-300.ttf]
[mountainclimbersstar.com/demo/html/agkn/demo-site-assets-2/webfonts/fa-regular-400.woff2]
[mountainclimbersstar.com/demo/html/agkn/demo-site-assets-2/webfonts/fa-regular-400.woff]
[mountainclimbersstar.com/demo/html/agkn/demo-site-assets-2/webfonts/fa-solid-900.woff2]
[mountainclimbersstar.com/demo/html/agkn/demo-site-assets-2/webfonts/fa-regular-400.ttf]
[mountainclimbersstar.com/demo/html/agkn/demo-site-assets-2/webfonts/fa-solid-900.woff]
[mountainclimbersstar.com/demo/html/agkn/demo-site-assets-2/webfonts/fa-solid-900.ttf]
[mountainclimbersstar.com/demo/html/agkn/demo-site-assets-2/webfonts/fa-thin-100.woff2]
[mountainclimbersstar.com/demo/html/agkn/demo-site-assets-2/webfonts/fa-thin-100.woff]
[mountainclimbersstar.com/demo/html/agkn/demo-site-assets-2/css/all.min.css]
[mountainclimbersstar.com/demo/html/agkn/demo-site-assets-2/webfonts/fa-thin-100.ttf]
[mountainclimbersstar.com/demo/html/agkn/demo-site-assets-2/images/bg.png]
[mountainclimbersstar.com/demo/html/agkn/demo-site-assets-2/css/style.css]
[mountainclimbersstar.com/demo/html/agkn/demo-site-assets-2/css/responsive.css]
[mountainclimbersstar.com/demo/html/agkn/demo-site-assets-2/css/color-switcher.css]
[mountainclimbersstar.com/demo/html/agkn/demo-site-assets-2/css/skins/mayaBlue.css]
[mountainclimbersstar.com/demo/html/agkn/assets/images/hero-img.png]
[mountainclimbersstar.com/demo/html/agkn/assets/images/about.png]
[mountainclimbersstar.com/demo/html/agkn/index_home_main.html]
[mountainclimbersstar.com/demo/html/agkn/assets/images/profile2.png]
[mountainclimbersstar.com/demo/html/agkn/assets/images/hero-img3.png]
[mountainclimbersstar.com/demo/html/agkn/assets/images/about4.png]
[mountainclimbersstar.com/demo/html/agkn/index_powerful_sidenav.html]
[mountainclimbersstar.com/demo/html/agkn/assets/images/profile.png]
[mountainclimbersstar.com/demo/html/agkn/assets/images/hero-img2.png]
[mountainclimbersstar.com/demo/html/agkn/assets/images/about3.png]
[mountainclimbersstar.com/demo/html/agkn/index_sidenav.html]
[mountainclimbersstar.com/demo/html/agkn/assets/images/hero-bg.png]
[mountainclimbersstar.com/demo/html/agkn/index_bg_image.html]
[mountainclimbersstar.com/demo/html/agkn/assets/css/bootstrap.rtl.min.css]
[mountainclimbersstar.com/demo/html/agkn/index_rtl_default.html]
[mountainclimbersstar.com/demo/html/agkn/demo-site-assets-2/css/skins/orange.css]
[mountainclimbersstar.com/demo/html/agkn/demo-site-assets-2/css/skins/green.css]
[mountainclimbersstar.com/demo/html/agkn/demo-site-assets-2/css/skins/softBlue.css]
[mountainclimbersstar.com/demo/html/agkn/demo-site-assets-2/css/skins/lavenderRose.css]
[mountainclimbersstar.com/demo/html/agkn/demo-site-assets-2/css/skins/androidGreen.css]
[mountainclimbersstar.com/demo/html/agkn/demo-site-assets-2/css/skins/sunflower.css]
[mountainclimbersstar.com/demo/html/agkn/demo-site-assets-2/css/skins/fluorescentRed.css]
[mountainclimbersstar.com/demo/html/agkn/demo-site-assets-2/css/skins/lightGray.css]
[mountainclimbersstar.com/demo/html/agkn/demo-site-assets-2/css/skins/steelPink.css]
[mountainclimbersstar.com/demo/html/agkn/assets/css/bootstrap.rtl.min.css]
